{
  "filters_used": [
    {
      "path": "detect_secrets.filters.allowlist.is_line_allowlisted"
    },
    {
      "min_level": 2,
      "path": "detect_secrets.filters.common.is_ignored_due_to_verification_policies"
    },
    {
      "path": "detect_secrets.filters.heuristic.is_indirect_reference"
    },
    {
      "path": "detect_secrets.filters.heuristic.is_likely_id_string"
    },
    {
      "path": "detect_secrets.filters.heuristic.is_lock_file"
    },
    {
      "path": "detect_secrets.filters.heuristic.is_not_alphanumeric_string"
    },
    {
      "path": "detect_secrets.filters.heuristic.is_potential_uuid"
    },
    {
      "path": "detect_secrets.filters.heuristic.is_prefixed_with_dollar_sign"
    },
    {
      "path": "detect_secrets.filters.heuristic.is_sequential_string"
    },
    {
      "path": "detect_secrets.filters.heuristic.is_swagger_file"
    },
    {
      "path": "detect_secrets.filters.heuristic.is_templated_secret"
    },
    {
      "path": "detect_secrets.filters.regex.should_exclude_file",
      "pattern": [
        "^\\.secrets\\.baseline$"
      ]
    }
  ],
  "generated_at": "2026-08-07T20:43:38Z",
  "plugins_used": [
    {
      "name": "ArtifactoryDetector"
    },
    {
      "name": "AWSKeyDetector"
    },
    {
      "name": "AzureStorageKeyDetector"
    },
    {
      "limit": 4.5,
      "name": "Base64HighEntropyString"
    },
    {
      "name": "BasicAuthDetector"
    },
    {
      "name": "CloudantDetector"
    },
    {
      "name": "DiscordBotTokenDetector"
    },
    {
      "name": "GitHubTokenDetector"
    },
    {
      "name": "GitLabTokenDetector"
    },
    {
      "limit": 3.0,
      "name": "HexHighEntropyString"
    },
    {
      "name": "IbmCloudIamDetector"
    },
    {
      "name": "IbmCosHmacDetector"
    },
    {
      "name": "IPPublicDetector"
    },
    {
      "name": "JwtTokenDetector"
    },
    {
      "keyword_exclude": "",
      "name": "KeywordDetector"
    },
    {
      "name": "MailchimpDetector"
    },
    {
      "name": "NpmDetector"
    },
    {
      "name": "OpenAIDetector"
    },
    {
      "name": "PrivateKeyDetector"
    },
    {
      "name": "PypiTokenDetector"
    },
    {
      "name": "SendGridDetector"
    },
    {
      "name": "SlackDetector"
    },
    {
      "name": "SoftlayerDetector"
    },
    {
      "name": "SquareOAuthDetector"
    },
    {
      "name": "StripeDetector"
    },
    {
      "name": "TelegramBotTokenDetector"
    },
    {
      "name": "TwilioKeyDetector"
    }
  ],
  "results": {
    "contracts/examples/common/consumer-lock.v1.api.example.json": [
      {
        "filename": "contracts/examples/common/consumer-lock.v1.api.example.json",
        "hashed_secret": "5640d5b79c3bb69f6aaadb134b032467cda87e92",
        "is_secret": false,
        "is_verified": false,
        "line_number": 7,
        "type": "Hex High Entropy String"
      },
      {
        "filename": "contracts/examples/common/consumer-lock.v1.api.example.json",
        "hashed_secret": "9f60a3e3c224d50f7b519b0e60f303eece5f2f64",
        "is_secret": false,
        "is_verified": false,
        "line_number": 8,
        "type": "Hex High Entropy String"
      }
    ],
    "contracts/examples/common/consumer-lock.v1.minimal.example.json": [
      {
        "filename": "contracts/examples/common/consumer-lock.v1.minimal.example.json",
        "hashed_secret": "5640d5b79c3bb69f6aaadb134b032467cda87e92",
        "is_secret": false,
        "is_verified": false,
        "line_number": 6,
        "type": "Hex High Entropy String"
      },
      {
        "filename": "contracts/examples/common/consumer-lock.v1.minimal.example.json",
        "hashed_secret": "9f60a3e3c224d50f7b519b0e60f303eece5f2f64",
        "is_secret": false,
        "is_verified": false,
        "line_number": 7,
        "type": "Hex High Entropy String"
      }
    ],
    "contracts/examples/common/release-manifest.v1.m0.example.json": [
      {
        "filename": "contracts/examples/common/release-manifest.v1.m0.example.json",
        "hashed_secret": "158b484ae1f6f64f89da22397d25fbdafad02252",
        "is_secret": false,
        "is_verified": false,
        "line_number": 4,
        "type": "Hex High Entropy String"
      },
      {
        "filename": "contracts/examples/common/release-manifest.v1.m0.example.json",
        "hashed_secret": "f65ab7b5f564d27607f5730786aa46765c0061ac",
        "is_secret": false,
        "is_verified": false,
        "line_number": 15,
        "type": "Hex High Entropy String"
      },
      {
        "filename": "contracts/examples/common/release-manifest.v1.m0.example.json",
        "hashed_secret": "5cad16bf1ccc99ea8256049a60b0c936655583a3",
        "is_secret": false,
        "is_verified": false,
        "line_number": 25,
        "type": "Hex High Entropy String"
      },
      {
        "filename": "contracts/examples/common/release-manifest.v1.m0.example.json",
        "hashed_secret": "9f60a3e3c224d50f7b519b0e60f303eece5f2f64",
        "is_secret": false,
        "is_verified": false,
        "line_number": 28,
        "type": "Hex High Entropy String"
      }
    ],
    "tests/fixtures/cross-repo/lock-checksum-mismatch.yaml": [
      {
        "filename": "tests/fixtures/cross-repo/lock-checksum-mismatch.yaml",
        "hashed_secret": "5640d5b79c3bb69f6aaadb134b032467cda87e92",
        "is_secret": false,
        "is_verified": false,
        "line_number": 8,
        "type": "Hex High Entropy String"
      }
    ],
    "tests/fixtures/cross-repo/lock-floating-range.yaml": [
      {
        "filename": "tests/fixtures/cross-repo/lock-floating-range.yaml",
        "hashed_secret": "5640d5b79c3bb69f6aaadb134b032467cda87e92",
        "is_secret": false,
        "is_verified": false,
        "line_number": 8,
        "type": "Hex High Entropy String"
      },
      {
        "filename": "tests/fixtures/cross-repo/lock-floating-range.yaml",
        "hashed_secret": "9f60a3e3c224d50f7b519b0e60f303eece5f2f64",
        "is_secret": false,
        "is_verified": false,
        "line_number": 9,
        "type": "Hex High Entropy String"
      }
    ],
    "tests/fixtures/cross-repo/lock-mutable-source.yaml": [
      {
        "filename": "tests/fixtures/cross-repo/lock-mutable-source.yaml",
        "hashed_secret": "5640d5b79c3bb69f6aaadb134b032467cda87e92",
        "is_secret": false,
        "is_verified": false,
        "line_number": 8,
        "type": "Hex High Entropy String"
      },
      {
        "filename": "tests/fixtures/cross-repo/lock-mutable-source.yaml",
        "hashed_secret": "9f60a3e3c224d50f7b519b0e60f303eece5f2f64",
        "is_secret": false,
        "is_verified": false,
        "line_number": 9,
        "type": "Hex High Entropy String"
      }
    ],
    "tests/fixtures/cross-repo/lock-unknown-required-contract.yaml": [
      {
        "filename": "tests/fixtures/cross-repo/lock-unknown-required-contract.yaml",
        "hashed_secret": "5640d5b79c3bb69f6aaadb134b032467cda87e92",
        "is_secret": false,
        "is_verified": false,
        "line_number": 8,
        "type": "Hex High Entropy String"
      },
      {
        "filename": "tests/fixtures/cross-repo/lock-unknown-required-contract.yaml",
        "hashed_secret": "9f60a3e3c224d50f7b519b0e60f303eece5f2f64",
        "is_secret": false,
        "is_verified": false,
        "line_number": 9,
        "type": "Hex High Entropy String"
      }
    ],
    "tests/fixtures/cross-repo/lock-valid.yaml": [
      {
        "filename": "tests/fixtures/cross-repo/lock-valid.yaml",
        "hashed_secret": "5640d5b79c3bb69f6aaadb134b032467cda87e92",
        "is_secret": false,
        "is_verified": false,
        "line_number": 8,
        "type": "Hex High Entropy String"
      },
      {
        "filename": "tests/fixtures/cross-repo/lock-valid.yaml",
        "hashed_secret": "9f60a3e3c224d50f7b519b0e60f303eece5f2f64",
        "is_secret": false,
        "is_verified": false,
        "line_number": 9,
        "type": "Hex High Entropy String"
      }
    ],
    "tests/fixtures/cross-repo/lock-version-mismatch.yaml": [
      {
        "filename": "tests/fixtures/cross-repo/lock-version-mismatch.yaml",
        "hashed_secret": "5640d5b79c3bb69f6aaadb134b032467cda87e92",
        "is_secret": false,
        "is_verified": false,
        "line_number": 8,
        "type": "Hex High Entropy String"
      },
      {
        "filename": "tests/fixtures/cross-repo/lock-version-mismatch.yaml",
        "hashed_secret": "9f60a3e3c224d50f7b519b0e60f303eece5f2f64",
        "is_secret": false,
        "is_verified": false,
        "line_number": 9,
        "type": "Hex High Entropy String"
      }
    ],
    "tests/fixtures/cross-repo/manifest-0.1.0.json": [
      {
        "filename": "tests/fixtures/cross-repo/manifest-0.1.0.json",
        "hashed_secret": "158b484ae1f6f64f89da22397d25fbdafad02252",
        "is_secret": false,
        "is_verified": false,
        "line_number": 4,
        "type": "Hex High Entropy String"
      },
      {
        "filename": "tests/fixtures/cross-repo/manifest-0.1.0.json",
        "hashed_secret": "f65ab7b5f564d27607f5730786aa46765c0061ac",
        "is_secret": false,
        "is_verified": false,
        "line_number": 15,
        "type": "Hex High Entropy String"
      },
      {
        "filename": "tests/fixtures/cross-repo/manifest-0.1.0.json",
        "hashed_secret": "9f60a3e3c224d50f7b519b0e60f303eece5f2f64",
        "is_secret": false,
        "is_verified": false,
        "line_number": 18,
        "type": "Hex High Entropy String"
      }
    ]
  },
  "version": "1.5.0"
}
